<?xml version="1.0" encoding="UTF-8"?><mappingRoot xmlns="http://www.ibm.com/2008/ccl/Mapping" domainID="com.ibm.msl.mapping.xml" domainIDExtension="mb" mainMap="true" targetNamespace="default" version="8.0.5.0" xmlns:map="default">
    <input path="jar:file://!com/ibm/etools/mft/map/xsds/predefined/SOAPDomainMsg.xsd"/>
    <output path="jar:file://!com/ibm/etools/mft/map/xsds/predefined/SOAPDomainMsg.xsd"/>
    <generation engine="xquery"/>
    <mappingDeclaration name="TestingService_Mapping">
        <input path="mb:msg(SOAP_Domain_Msg,assembly,SOAP,Properties)" var="ComIbmMessageAssembly_SOAP_Domain_Msg"/>
        <output path="mb:msg(SOAP_Domain_Msg,assembly,SOAP,Properties)" var="ComIbmMessageAssembly_SOAP_Domain_Msg1"/>
        <move>
            <input path="$ComIbmMessageAssembly_SOAP_Domain_Msg/Properties"/>
            <output path="$ComIbmMessageAssembly_SOAP_Domain_Msg1/Properties"/>
        </move>
        <move>
            <input path="$ComIbmMessageAssembly_SOAP_Domain_Msg/SOAP_Domain_Msg/Body"/>
            <output path="$ComIbmMessageAssembly_SOAP_Domain_Msg1/SOAP_Domain_Msg/Body"/>
        </move>
    </mappingDeclaration>
</mappingRoot>